23
parts_shop011.arc,『カスタムオーダーメイド3D2』専用プラグイン『ファビュラスマダム＋フラウメイド服』
parts_shop018.arc,『カスタムオーダーメイド3D2』専用プラグイン『カウガールセット』
parts_shop020.arc,『カスタムオーダーメイド3D2』専用プラグイン『めろんちゃんセット』
parts_shop019.arc,『カスタムオーダーメイド3D2』専用プラグイン『ハイレグ騎士セット』
parts_shop017.arc,『カスタムオーダーメイド3D2』専用プラグイン『ファンシーエンジェルセット』
parts_shop016.arc,『カスタムオーダーメイド3D2』専用プラグイン『ずきんむすめセット』
parts_shop021.arc,『セクシーテールドレスセット』
motion_magazine003.arc,『オフィシャルファンブック3』
voice_gp001.arc,『カスタムオーダーメイド3D2＋ GP01』
voice_gp002.arc,『カスタムオーダーメイド3D2＋ GP02』
csv_karaoke001.arc,『カラオケパックVR VOL.1』
csv_karaoke002.arc,『カラオケパックVR VOL.2』
csv_karaoke003.arc,『カスタムオーダーメイド3D2カラオケパックVR』
csv_karaoke004.arc,『カスタムオーダーメイド3D2 カラオケパックVR VOL.2』
voice_personal_om001.arc,『カスタムオーダーメイド3D2 キャラクターパック 無口で甘えたがりな文学少女』
voice_personal_om002.arc,『カスタムオーダーメイド3D2 キャラクターパック 天然サディスティックな小悪魔』
voice_personal_om003.arc,『カスタムオーダーメイド3D2 キャラクターパック 色気のあるおしとやかなお姉さん』
voice_personal_om004.arc,『カスタムオーダーメイド3D2 キャラクターパック 大人の余裕を持つ、頼れるメイド秘書』
voice_personal_om005.arc,『カスタムオーダーメイド3D2 キャラクターパック 小動物系ふわふわ妹』
voice_personal_om006.arc,『カスタムオーダーメイド3D2 キャラクターパック 警戒心の強い無愛想』
voice_personal_om007.arc,『カスタムオーダーメイド3D2 キャラクターパック 高飛車で生意気なお嬢様』
voice_personal_om008.arc,『カスタムオーダーメイド3D2 キャラクターパック 甘々デレデレでご主人様を信仰している妹系幼馴染』
voice_ordermade001.arc,『カスタムオーダーメイド3D2　移籍パックvol.1　病的な程一途な大和撫子』
voice_ordermade002.arc,『カスタムオーダーメイド3D2　移籍パックvol.2　母性的なお姉ちゃん』
voice_ordermade003.arc,『カスタムオーダーメイド3D2　移籍パックvol.4　健康的でスポーティなボクっ娘』
voice_ordermade004.arc,『カスタムオーダーメイド3D2　移籍パックvol.3　Ｍ心を刺激する、ドＳ女王様』
csv_charaevent001.arc,『イベント追加パックvol.1『キャラクターHイベントプラス』』
csv_charaevent002.arc,『カスタムオーダーメイド3D2専用DLC イベント追加パックvol.2 キャラクターHイベントプラス_Wパック』
csv_charaevent003.arc,『カスタムオーダーメイド3D2専用DLC イベント追加パックvol.3 キャラクターHイベントプラス_Wパック』
csv_charaevent004.arc,『カスタムオーダーメイド3D2専用DLC イベント追加パックvol.4 キャラクターHイベントプラス_Wパック』
csv_charaevent005.arc,『カスタムオーダーメイド3D2専用DLC イベント追加パックvol.5 キャラクターHイベントプラス_Wパック』
csv_charaevent006.arc,『カスタムオーダーメイド3D2専用DLC イベント追加パックvol.6 キャラクターHイベントプラス_Wパック』
csv_charaevent007.arc,『イベント追加パックvol.7 キャラクターHイベントプラス_Wパック』
csv_charaevent008.arc,『イベント追加パックvol.8 キャラクターHイベントプラス　Wパック』
csv_charaevent009.arc,『イベント追加パックvol.9 キャラクターHイベントプラス_Wパック』
csv_charaevent010.arc,『カスタムオーダーメイド3D2専用DLC イベント追加パックvol.10 キャラクターHイベントプラス_NTRside』
csv_charaevent011.arc,『カスタムオーダーメイド3D2専用DLC イベント追加パックvol.11 キャラクターHイベントプラス 純愛side』
csv_charaevent012.arc,『イベント追加パックvol.12 キャラクターHイベントプラス フリーメイドside Ver.文学少女、妹、ボクっ娘対応版』
csv_personal_om001plus.arc,『カスタムオーダーメイド3D2』専用プラグイン『カスタムオーダーメイド3D2 夜伽＆Hイベント追加パックfeat.文学少女』
csv_personal_om002plus.arc,『カスタムオーダーメイド3D2』専用プラグイン『カスタムオーダーメイド3D2 夜伽＆Hイベント追加パックfeat.小悪魔』
csv_personal_om003plus.arc,『カスタムオーダーメイド3D2』専用プラグイン『カスタムオーダーメイド3D2 夜伽＆Hイベント追加パックfeat.おしとやか』』
csv_personal_om004plus.arc,『カスタムオーダーメイド3D2』専用プラグイン『カスタムオーダーメイド3D2 夜伽＆Hイベント追加パックfeat.メイド秘書』』
csv_personal_om005plus.arc,『カスタムオーダーメイド3D2』専用プラグイン『カスタムオーダーメイド3D2 夜伽＆Hイベント追加パックfeat.ふわふわ妹』』
csv_personal_om006plus.arc,『カスタムオーダーメイド3D2』専用プラグイン『カスタムオーダーメイド3D2 夜伽＆Hイベント追加パックfeat.無愛想』』
csv_personal_om007plus.arc,『カスタムオーダーメイド3D2』専用プラグイン『カスタムオーダーメイド3D2 夜伽＆Hイベント追加パックfeat.高飛車で生意気なお嬢様』』
csv_oldplus001.arc,『カスタムオーダーメイド3D2 警戒&恋人+状態＆Hイベント追加パック feat.純真』
csv_oldplus002.arc,『カスタムオーダーメイド3D2 警戒&恋人+状態＆Hイベント+髪型追加フルパック feat.ツンデレ』
csv_oldplus003.arc,『カスタムオーダーメイド3D2 警戒&恋人+状態＆Hイベント+髪型追加フルパック feat.クーデレ』
csv_oldplus004.arc,『カスタムオーダーメイド3D2 夜伽＆警戒&恋人+状態＆Hイベント+髪型追加フルパック feat.ヤンデレ』
csv_omytgc001.arc,『夜伽クラス Vol.19 『変態辱めセックスメイド&ソープご奉仕セックスメイド』』
csv_omytgc002.arc,『夜伽クラス Vol.20 『アブノーマル卑猥セックスメイド&癒しラブラブ奉仕メイド』』
csv_omytgc003.arc,『夜伽クラス Vol.21 『らぶらぶメイド&欲情メイド』』
csv_omytgc004.arc,『夜伽クラス Vol.22 『拘束変態責めメイド&ハードセックスメイド』』
csv_omytgc005.arc,『夜伽クラス Vol.23 『服従セックスメイド&ハードスワップセックスメイド』』
csv_omytgc006.arc,『夜伽クラス Vol.24 『マスタープレイメイド&変態恥辱セックスメイド』』
csv_omytgc007.arc,『夜伽クラス Vol.25 『甘やかしマザーメイド&ご奉仕マザーメイド』
csv_omytgc008.arc,『夜伽クラス Vol.26 『マニアックプレイメイド&ハード拘束プレイメイド』』
csv_omytgc009.arc,『夜伽クラス Vol.27 『ソフトSMメイド』Ver.おしとやか、メイド秘書、クーデレ対応版』
csv_omytgc010.arc,『夜伽クラス Vol.28 『調教プレイメイド』Ver.小悪魔、無愛想、ドS対応版』
csv_cw001.arc,『カスタムオーダーメイド3D2 コスチューム+ショッピングセットVol.1』
csv_cw002.arc,『カスタムオーダーメイド3D2 コスチューム+ショッピングセットVol.2』
parts_cas003.arc,『カスタムオーダーメイド3D2 コスチュームセット』
parts_dlc311.arc,『カスタムオーダーメイド3D2 コスチュームセット Vol.2』
csv_cw003.arc,『カスタムオーダーメイド3D2 コスチュームセットVol.3』
parts_dlc209.arc,『PIXEL MINT·ぱらしゃん·キャラなりきりセット』
parts_dlc211.arc,『ensemble恋花·キャラなりきりセット』
parts_dlc214.arc,『アリスソフト·ランス10·キャラなりきりセット』
parts_dlc218.arc,『ANIM·僕に抱かれ喘ぐ妻は、他の男に抱かれた話を紡ぐ?スワッピングコラボセット』
parts_dlc220.arc,『ゆずソフト·RIDDLE JOKER·キャラなりきりセット』
parts_dlc225.arc,『F＆Cコラボ·水月.キャラなりきりセット』
parts_dlc227.arc,『あるみそふと·わんこの嫁入り?キャラなりきりセット』
parts_dlc231.arc,『まどそふと·ラズキュー·フルセット』
parts_dlc235.arc,『みにくいモジカの子·キャラなりきりセット』
parts_dlc240.arc,『Laplacian.未来ラジオと人工鳩·キャラなりきりセット』
parts_dlc245.arc,『金色ラブリッチェGT·キャラなりきりセット』
parts_dlc248.arc,『絆きらめく恋いろは?キャラなりきりセット』
csv_dlc255.arc,『イブニクル2.キャラなりきりセット』
parts_dlc256.arc,『Clochette·コロラム.水着+制服フルセット』
parts_dlc267ns.arc,『Clochette.コロラム！·私服フルセット（水着+制服フルセット購入者向け）』
parts_dlc274.arc,『あるみそふと·わんこの嫁入り～新たな二本のしっぽ～·衣装セット』
parts_dlc277.arc,『AUGUST×DMM GAMES·あいミス！R·キャラなりきりセット』
parts_dlc279.arc,『あいりすミスティリア！RクリスSR聖装なりきりセット』
parts_dlc287.arc,『NEKO WORKs·ネコぱら.コスチュームフルセット』
parts_dlc301.arc,『戯画?アイキス·コスチュームフルセット』
csv_dlc305.arc,『戯画·アイキス·恋しちゃったみたい -早期限定版-』
parts_dlc306.arc,『SSIジャパン·ラブバイブ?アダルトショップ＆夜伽スキルセット』
parts_dlc307.arc,『第2弾 AUGUST×DMM GAMES.あいミス.キャラなりきりセット』
parts_dlc309.arc,『あいりすミスティリア！R·コトSR聖装なりきりセット』
csv_nekoparataiyo.arc,『ネコぱらコラボ·タイヨウパラダイス』
bg_sp001.arc,『カスタムオーダーメイド3D2 シーズンパック 2018 Summer』
bg_sp002.arc,『カスタムオーダーメイド3D2 シーズンパック 2018 Autumn』
bg_sp003.arc,『カスタムオーダーメイド3D2 シーズンパック 2018 Winter』
bg_sp004.arc,『カスタムオーダーメイド3D2 シーズンパック 2019 Spring』
bg_sp005.arc,『カスタムオーダーメイド3D2 デートパック 2019 summer』
bg_sp006.arc,『カスタムオーダーメイド3D2 デートパック 2019 Winter』
bg_denkigai2018s.arc,『電気外祭り2018夏アイテムセット』
bg_denkigai2018w.arc,『電気外祭り2018冬アイテムセット』
bg_denkigai2018wpcard.arc,『電気外祭2018冬プレゼントカード』
parts_denkigai2018wmumuta.arc,『無無田オリジナルコスセット』
parts_denkigai2019smumuta.arc,『無無田オリジナルコスセット2』
bg_denkigai2019s.arc,『電気外祭り2019夏アイテムセット』
csv_denkigai2019sbara.arc,『女王様バラ鞭』 
bg_denkigai2019w.arc,『電気外祭り2019冬アイテムセット』
csv_3d21reserve2.arc,『グレードアップ予約キャンペーン Vol.2』
csv_canknowtwoclose.arc,『かのつく２.Can Know Two Close ダンス』
csv_senkyo001.arc,『キャラクター総選挙第一位記念ダンス 『1st only you』』
csv_candygirl.arc,『candy girl ダンス』
csv_exm001.arc,『エキストラメイド12名追加パック』
parts_bcc.arc,『ビットキャッシュコラボキャンペーンアイテム』
parts_bcc3.arc,『ビットキャッシュコラボアイテム』
parts_ggcc.arc,『ゴーゴーカレーコラボセット』
parts_maidcafec.arc,『メイリッシュメイド服』
parts_maidcafec2.arc,『メイリッシュメイド服·錫＋メイドキャップwithクマ親分』
parts_bugbug002.arc,『BugBugランジェリーセット』
csv_bugbug003.arc,『夜伽クラス 『バグバグオーダーメイド』』
csv_soukiyoyaku.arc,『カスタムオーダーメイド３Ｄ２』専用プラグイン『COM3D2-早期予約ファンシーペーパー』
parts_3d21reserve.arc,『グレードアップ予約キャンペーン Vol.1』
parts_kissevent2018.arc,『KISSイベント2018Marchアイテムセット』
parts_kissevent2018_2.arc,[COM3D2 Shop] [KISS Event 2018 - KISS 20th Anniversary Memorial Book Desktop Item]
parts_tech004.arc,『カスタムオーダーメイド3D2』専用プラグイン『まどそふとコラボ?ラズベリーキューブ?瑠莉制服セット』
bg_cd001.arc,『ミュージックドレスセット&ボーカルコレクション』
bg_cd002.arc,『グルーブドレスセット＋ボーカルコレクション２』
parts_tech003.arc,『カスタムオーダーメイド3D2』専用プラグイン『さくら、もゆ。?クロなりきりセット』
csv_kissnohi001.arc,『カスタムオーダーメイド3D2』専用プラグイン『キスの日プラグイン』
csv_maidnohi001.arc,『カスタムオーダーメイド3D2』専用プラグイン『メイドの日プラグイン』
csv_dlc306.arc,『SSIジャパン·ラブバイブ?アダルトショップ＆夜伽スキルセット』
parts_vac001.arc,『VACコラボ』
parts_vac002.arc,『VACコラボ2』
parts_nijiyomec.arc,『DLsite.com購入特典 カスタムオーダーメイド3D2 にじよめちゃんセット』
csv_yomeidokanteidan_sticker.arc,『鑑定団ステッカー』
csv_yomeidokanteidan_bromide.arc,『叔父のブロマイド』
csv_yomeidokanteidan_portrait.arc,『叔父のブロマイド』
csv_yomeidokanteidan_nicepot.arc,『良い壺』
csv_yomeidokanteidan_nicescroll.arc,『良い掛け軸』
csv_yomeidokanteidan_swordset.arc,『名刀セット』
parts_yomeidokanteidan_accset.arc,『高価なアクセサリーセット?宝石箱』
parts_yomeidokanteidan_bladeset.arc,『名刀セット』
parts_yomeidokanteidan_legendmaid.arc,『伝説のメイド服セット』
parts_yomeidokanteidan_appraiser.arc,『鑑定士セット』
parts_yomeidokanteidan_tshirt.arc,『鑑定団Ｔシャツ』
